Archive member included to satisfy reference by file (symbol)

c:/program files (x86)/gnu arm embedded toolchain/10 2021.10/bin/../lib/gcc/arm-none-eabi/10.3.1/thumb/v6-m/nofp\libgcc.a(_udivsi3.o)
                              src\initialize-hardware.o (__aeabi_uidiv)
c:/program files (x86)/gnu arm embedded toolchain/10 2021.10/bin/../lib/gcc/arm-none-eabi/10.3.1/thumb/v6-m/nofp\libgcc.a(_dvmd_tls.o)
                              c:/program files (x86)/gnu arm embedded toolchain/10 2021.10/bin/../lib/gcc/arm-none-eabi/10.3.1/thumb/v6-m/nofp\libgcc.a(_udivsi3.o) (__aeabi_idiv0)
c:/program files (x86)/gnu arm embedded toolchain/10 2021.10/bin/../lib/gcc/arm-none-eabi/10.3.1/../../../../arm-none-eabi/lib/thumb/v6-m/nofp\libg_nano.a(lib_a-errno.o)
                              system\src\newlib\sbrk.o (__errno)
c:/program files (x86)/gnu arm embedded toolchain/10 2021.10/bin/../lib/gcc/arm-none-eabi/10.3.1/../../../../arm-none-eabi/lib/thumb/v6-m/nofp\libg_nano.a(lib_a-impure.o)
                              c:/program files (x86)/gnu arm embedded toolchain/10 2021.10/bin/../lib/gcc/arm-none-eabi/10.3.1/../../../../arm-none-eabi/lib/thumb/v6-m/nofp\libg_nano.a(lib_a-errno.o) (_impure_ptr)
c:/program files (x86)/gnu arm embedded toolchain/10 2021.10/bin/../lib/gcc/arm-none-eabi/10.3.1/../../../../arm-none-eabi/lib/thumb/v6-m/nofp\libg_nano.a(lib_a-strlen.o)
                              system\src\diag\trace.o (strlen)
c:/program files (x86)/gnu arm embedded toolchain/10 2021.10/bin/../lib/gcc/arm-none-eabi/10.3.1/../../../../arm-none-eabi/lib/thumb/v6-m/nofp\libg_nano.a(lib_a-vsnprintf.o)
                              system\src\diag\trace.o (vsnprintf)
c:/program files (x86)/gnu arm embedded toolchain/10 2021.10/bin/../lib/gcc/arm-none-eabi/10.3.1/../../../../arm-none-eabi/lib/thumb/v6-m/nofp\libg_nano.a(lib_a-nano-svfprintf.o)
                              c:/program files (x86)/gnu arm embedded toolchain/10 2021.10/bin/../lib/gcc/arm-none-eabi/10.3.1/../../../../arm-none-eabi/lib/thumb/v6-m/nofp\libg_nano.a(lib_a-vsnprintf.o) (_svfprintf_r)
c:/program files (x86)/gnu arm embedded toolchain/10 2021.10/bin/../lib/gcc/arm-none-eabi/10.3.1/../../../../arm-none-eabi/lib/thumb/v6-m/nofp\libg_nano.a(lib_a-nano-vfprintf_i.o)
                              c:/program files (x86)/gnu arm embedded toolchain/10 2021.10/bin/../lib/gcc/arm-none-eabi/10.3.1/../../../../arm-none-eabi/lib/thumb/v6-m/nofp\libg_nano.a(lib_a-nano-svfprintf.o) (_printf_i)
c:/program files (x86)/gnu arm embedded toolchain/10 2021.10/bin/../lib/gcc/arm-none-eabi/10.3.1/../../../../arm-none-eabi/lib/thumb/v6-m/nofp\libg_nano.a(lib_a-memchr-stub.o)
                              c:/program files (x86)/gnu arm embedded toolchain/10 2021.10/bin/../lib/gcc/arm-none-eabi/10.3.1/../../../../arm-none-eabi/lib/thumb/v6-m/nofp\libg_nano.a(lib_a-nano-svfprintf.o) (memchr)
c:/program files (x86)/gnu arm embedded toolchain/10 2021.10/bin/../lib/gcc/arm-none-eabi/10.3.1/../../../../arm-none-eabi/lib/thumb/v6-m/nofp\libg_nano.a(lib_a-memcpy-stub.o)
                              c:/program files (x86)/gnu arm embedded toolchain/10 2021.10/bin/../lib/gcc/arm-none-eabi/10.3.1/../../../../arm-none-eabi/lib/thumb/v6-m/nofp\libg_nano.a(lib_a-nano-svfprintf.o) (memcpy)
c:/program files (x86)/gnu arm embedded toolchain/10 2021.10/bin/../lib/gcc/arm-none-eabi/10.3.1/../../../../arm-none-eabi/lib/thumb/v6-m/nofp\libg_nano.a(lib_a-memmove.o)
                              c:/program files (x86)/gnu arm embedded toolchain/10 2021.10/bin/../lib/gcc/arm-none-eabi/10.3.1/../../../../arm-none-eabi/lib/thumb/v6-m/nofp\libg_nano.a(lib_a-nano-svfprintf.o) (memmove)
c:/program files (x86)/gnu arm embedded toolchain/10 2021.10/bin/../lib/gcc/arm-none-eabi/10.3.1/../../../../arm-none-eabi/lib/thumb/v6-m/nofp\libg_nano.a(lib_a-nano-freer.o)
                              c:/program files (x86)/gnu arm embedded toolchain/10 2021.10/bin/../lib/gcc/arm-none-eabi/10.3.1/../../../../arm-none-eabi/lib/thumb/v6-m/nofp\libg_nano.a(lib_a-nano-svfprintf.o) (_free_r)
c:/program files (x86)/gnu arm embedded toolchain/10 2021.10/bin/../lib/gcc/arm-none-eabi/10.3.1/../../../../arm-none-eabi/lib/thumb/v6-m/nofp\libg_nano.a(lib_a-nano-mallocr.o)
                              c:/program files (x86)/gnu arm embedded toolchain/10 2021.10/bin/../lib/gcc/arm-none-eabi/10.3.1/../../../../arm-none-eabi/lib/thumb/v6-m/nofp\libg_nano.a(lib_a-nano-svfprintf.o) (_malloc_r)
c:/program files (x86)/gnu arm embedded toolchain/10 2021.10/bin/../lib/gcc/arm-none-eabi/10.3.1/../../../../arm-none-eabi/lib/thumb/v6-m/nofp\libg_nano.a(lib_a-nano-reallocr.o)
                              c:/program files (x86)/gnu arm embedded toolchain/10 2021.10/bin/../lib/gcc/arm-none-eabi/10.3.1/../../../../arm-none-eabi/lib/thumb/v6-m/nofp\libg_nano.a(lib_a-nano-svfprintf.o) (_realloc_r)
[...]
Memory Configuration

Name             Origin             Length             Attributes
RAM              0x20000000         0x00002000         xrw
CCMRAM           0x00000000         0x00000000         xrw
FLASH            0x08000000         0x00010000         xr
FLASHB1          0x00000000         0x00000000         xr
EXTMEMB0         0x00000000         0x00000000         xr
EXTMEMB1         0x00000000         0x00000000         xr
EXTMEMB2         0x00000000         0x00000000         xr
EXTMEMB3         0x00000000         0x00000000         xr
MEMORY_ARRAY     0x00000000         0x00000000         xrw
*default*        0x00000000         0xffffffff

Linker script and memory map

LOAD src\initialize-hardware.o
LOAD src\led.o
LOAD src\main.o
LOAD src\stm32f0xx_hal_msp.o
LOAD src\timer.o
LOAD src\write.o
LOAD system\src\cmsis\system_stm32f0xx.o
LOAD system\src\cmsis\vectors_stm32f051x8.o
LOAD system\src\cortexm\exception-handlers.o
LOAD system\src\cortexm\initialize-hardware.o
LOAD system\src\cortexm\reset-hardware.o
LOAD system\src\diag\trace-impl.o
LOAD system\src\diag\trace.o
LOAD system\src\newlib\assert.o
LOAD system\src\newlib\cxx.o
LOAD system\src\newlib\exit.o
LOAD system\src\newlib\sbrk.o
LOAD system\src\newlib\startup.o
LOAD system\src\newlib\syscalls.o
LOAD system\src\stm32f0-hal\stm32f0xx_hal.o
LOAD system\src\stm32f0-hal\stm32f0xx_hal_cortex.o
LOAD system\src\stm32f0-hal\stm32f0xx_hal_flash.o
LOAD system\src\stm32f0-hal\stm32f0xx_hal_flash_ex.o
LOAD system\src\stm32f0-hal\stm32f0xx_hal_gpio.o
LOAD system\src\stm32f0-hal\stm32f0xx_hal_iwdg.o
LOAD system\src\stm32f0-hal\stm32f0xx_hal_pwr.o
LOAD system\src\stm32f0-hal\stm32f0xx_hal_rcc.o
LOAD system\src\stm32f0-hal\stm32f0xx_hal_tsc.o
LOAD c:/program files (x86)/gnu arm embedded toolchain/10 2021.10/bin/../lib/gcc/arm-none-eabi/10.3.1/../../../../arm-none-eabi/lib/thumb/v6-m/nofp\libstdc++_nano.a
LOAD c:/program files (x86)/gnu arm embedded toolchain/10 2021.10/bin/../lib/gcc/arm-none-eabi/10.3.1/../../../../arm-none-eabi/lib/thumb/v6-m/nofp\libm.a
START GROUP
LOAD c:/program files (x86)/gnu arm embedded toolchain/10 2021.10/bin/../lib/gcc/arm-none-eabi/10.3.1/thumb/v6-m/nofp\libgcc.a
LOAD c:/program files (x86)/gnu arm embedded toolchain/10 2021.10/bin/../lib/gcc/arm-none-eabi/10.3.1/../../../../arm-none-eabi/lib/thumb/v6-m/nofp\libg_nano.a
LOAD c:/program files (x86)/gnu arm embedded toolchain/10 2021.10/bin/../lib/gcc/arm-none-eabi/10.3.1/../../../../arm-none-eabi/lib/thumb/v6-m/nofp\libc_nano.a
END GROUP
START GROUP
LOAD c:/program files (x86)/gnu arm embedded toolchain/10 2021.10/bin/../lib/gcc/arm-none-eabi/10.3.1/thumb/v6-m/nofp\libgcc.a
LOAD c:/program files (x86)/gnu arm embedded toolchain/10 2021.10/bin/../lib/gcc/arm-none-eabi/10.3.1/../../../../arm-none-eabi/lib/thumb/v6-m/nofp\libc_nano.a
END GROUP
                0x20002000                __stack = (ORIGIN (RAM) + LENGTH (RAM))
                0x20002000                _estack = __stack
                0x00000400                __Main_Stack_Size = 0x400
                [!provide]                PROVIDE (_Main_Stack_Size = __Main_Stack_Size)
                0x20001c00                __Main_Stack_Limit = (__stack - __Main_Stack_Size)
                [!provide]                PROVIDE (_Main_Stack_Limit = __Main_Stack_Limit)
                0x00000100                _Minimum_Stack_Size = 0x100
                0x20000128                PROVIDE (_Heap_Begin = _end_noinit)
                0x20001c00                PROVIDE (_Heap_Limit = (__stack - __Main_Stack_Size))

.isr_vector     0x08000000      0x224
 FILL mask 0xff
                0x08000000                __vectors_start = ABSOLUTE (.)
                0x08000000                __vectors_start__ = ABSOLUTE (.)
 *(.isr_vector)
 .isr_vector    0x08000000       0xbc system\src\cmsis\vectors_stm32f051x8.o
                0x08000000                __isr_vectors
 *(.cfmconfig)
 *(.after_vectors .after_vectors.*)
 .after_vectors
                0x080000bc        0x4 system\src\cmsis\vectors_stm32f051x8.o
                0x080000bc                TIM1_CC_IRQHandler
                0x080000bc                TSC_IRQHandler
                0x080000bc                ADC1_COMP_IRQHandler
                0x080000bc                PVD_IRQHandler
                0x080000bc                I2C1_IRQHandler
                0x080000bc                SPI1_IRQHandler
                0x080000bc                TIM6_DAC_IRQHandler
                0x080000bc                EXTI2_3_IRQHandler
                0x080000bc                I2C2_IRQHandler
                0x080000bc                TIM17_IRQHandler
                0x080000bc                RTC_IRQHandler
                0x080000bc                TIM16_IRQHandler
                0x080000bc                TIM3_IRQHandler
                0x080000bc                RCC_IRQHandler
                0x080000bc                EXTI4_15_IRQHandler
                0x080000bc                DMA1_Channel1_IRQHandler
                0x080000bc                Default_Handler
                0x080000bc                CEC_IRQHandler
                0x080000bc                DMA1_Channel4_5_IRQHandler
                0x080000bc                TIM15_IRQHandler
                0x080000bc                EXTI0_1_IRQHandler
                0x080000bc                SPI2_IRQHandler
                0x080000bc                WWDG_IRQHandler
                0x080000bc                TIM2_IRQHandler
                0x080000bc                DMA1_Channel2_3_IRQHandler
                0x080000bc                USART2_IRQHandler
                0x080000bc                FLASH_IRQHandler
                0x080000bc                USART1_IRQHandler
                0x080000bc                TIM1_BRK_UP_TRG_COM_IRQHandler
 .after_vectors
                0x080000c0       0x50 system\src\cortexm\exception-handlers.o
                0x080000c0                Reset_Handler
                0x080000c6                NMI_Handler
                0x080000ca                HardFault_Handler
                0x080000e2                HardFault_Handler_C
                0x08000100                SVC_Handler
                0x08000104                PendSV_Handler
 .after_vectors
                0x08000110      0x114 system\src\newlib\startup.o
                0x08000110                _start

.inits          0x08000224       0x28
                0x08000224                __data_regions_array_start = .
                0x08000224        0x4 LONG 0x8001304 LOADADDR (.data)
                0x08000228        0x4 LONG 0x20000000 ADDR (.data)
                0x0800022c        0x4 LONG 0x20000080 (ADDR (.data) + SIZEOF (.data))
                0x08000230        0x4 LONG 0x8001304 LOADADDR (.data_CCMRAM)
                0x08000234        0x4 LONG 0x0 ADDR (.data_CCMRAM)
                0x08000238        0x4 LONG 0x0 (ADDR (.data_CCMRAM) + SIZEOF (.data_CCMRAM))
                0x0800023c                __data_regions_array_end = .
                0x0800023c                __bss_regions_array_start = .
                0x0800023c        0x4 LONG 0x20000080 ADDR (.bss)
                0x08000240        0x4 LONG 0x20000128 (ADDR (.bss) + SIZEOF (.bss))
                0x08000244        0x4 LONG 0x0 ADDR (.bss_CCMRAM)
                0x08000248        0x4 LONG 0x0 (ADDR (.bss_CCMRAM) + SIZEOF (.bss_CCMRAM))
                0x0800024c                __bss_regions_array_end = .
 *(.init)
 *(.fini)
                0x0800024c                . = ALIGN (0x4)
                0x0800024c                PROVIDE (__preinit_array_start = .)
 *(.preinit_array_sysinit .preinit_array_sysinit.*)
 *(.preinit_array_platform .preinit_array_platform.*)
 *(.preinit_array .preinit_array.*)
                0x0800024c                PROVIDE (__preinit_array_end = .)
                0x0800024c                . = ALIGN (0x4)
                0x0800024c                PROVIDE (__init_array_start = .)
 *(SORT_BY_NAME(.init_array.*))
 *(.init_array)
                0x0800024c                PROVIDE (__init_array_end = .)
                0x0800024c                . = ALIGN (0x4)
                0x0800024c                PROVIDE (__fini_array_start = .)
 *(SORT_BY_NAME(.fini_array.*))
 *(.fini_array)
                0x0800024c                PROVIDE (__fini_array_end = .)

.flashtext
 *(.flashtext .flashtext.*)

.text           0x0800024c     0x10b8
 *(.text .text.*)
 .text.SystemClock_Config
                0x0800024c       0x1a src\initialize-hardware.o
                0x0800024c                SystemClock_Config
 .text.__initialize_hardware
                0x08000266       0x10 src\initialize-hardware.o
                0x08000266                __initialize_hardware
 *fill*         0x08000276        0x2 
 .text.assert_failed
                0x08000278       0x14 src\initialize-hardware.o
                0x08000278                assert_failed
 .text.ResetClockTo48Mhz
                0x0800028c       0x7c src\main.o
                0x0800028c                ResetClockTo48Mhz
 .text.TIM14_IRQHandler
                0x08000308       0x10 src\main.o
                0x08000308                TIM14_IRQHandler
 .text.init_TIM3
                0x08000318       0x78 src\main.o
                0x08000318                init_TIM3
 .text.main     0x08000390        0xc src\main.o
                0x08000390                main
 .text.HAL_MspInit
                0x0800039c        0x2 src\stm32f0xx_hal_msp.o
                0x0800039c                HAL_MspInit
 *fill*         0x0800039e        0x2 
 .text.timer_tick
                0x080003a0       0x18 src\timer.o
                0x080003a0                timer_tick
 .text.SysTick_Handler
                0x080003b8        0xc src\timer.o
                0x080003b8                SysTick_Handler
 .text.SystemInit
                0x080003c4        0x2 system\src\cmsis\system_stm32f0xx.o
                0x080003c4                SystemInit
 *fill*         0x080003c6        0x2 
 .text.SystemCoreClockUpdate
                0x080003c8       0x94 system\src\cmsis\system_stm32f0xx.o
                0x080003c8                SystemCoreClockUpdate
 .text.dumpExceptionStack
                0x0800045c       0x88 system\src\cortexm\exception-handlers.o
                0x0800045c                dumpExceptionStack
 .text.__initialize_hardware_early
                0x080004e4        0x8 system\src\cortexm\initialize-hardware.o
                0x080004e4                __initialize_hardware_early
 .text._trace_write_semihosting_debug
                0x080004ec       0x62 system\src\diag\trace-impl.o
 .text.trace_write
                0x0800054e        0x8 system\src\diag\trace-impl.o
                0x0800054e                trace_write
 *fill*         0x08000556        0x2 
 .text.trace_printf
                0x08000558       0x30 system\src\diag\trace.o
                0x08000558                trace_printf
 .text._exit    0x08000588        0x2 system\src\newlib\exit.o
                0x08000588                _exit
 *fill*         0x0800058a        0x2 
 .text._sbrk    0x0800058c       0x48 system\src\newlib\sbrk.o
                0x0800058c                _sbrk
 .text.__initialize_args
                0x080005d4       0x10 system\src\newlib\syscalls.o
                0x080005d4                __initialize_args
 .text.HAL_InitTick
                0x080005e4       0x50 system\src\stm32f0-hal\stm32f0xx_hal.o
                0x080005e4                HAL_InitTick
 .text.HAL_Init
                0x08000634       0x20 system\src\stm32f0-hal\stm32f0xx_hal.o
                0x08000634                HAL_Init
 .text.HAL_IncTick
                0x08000654       0x18 system\src\stm32f0-hal\stm32f0xx_hal.o
                0x08000654                HAL_IncTick
 .text.HAL_NVIC_SetPriority
                0x0800066c       0x78 system\src\stm32f0-hal\stm32f0xx_hal_cortex.o
                0x0800066c                HAL_NVIC_SetPriority
 .text.HAL_SYSTICK_Config
                0x080006e4       0x38 system\src\stm32f0-hal\stm32f0xx_hal_cortex.o
                0x080006e4                HAL_SYSTICK_Config
 .text.HAL_SYSTICK_CLKSourceConfig
                0x0800071c       0x3c system\src\stm32f0-hal\stm32f0xx_hal_cortex.o
                0x0800071c                HAL_SYSTICK_CLKSourceConfig
 .text.HAL_RCC_GetHCLKFreq
                0x08000758        0xc system\src\stm32f0-hal\stm32f0xx_hal_rcc.o
                0x08000758                HAL_RCC_GetHCLKFreq
 .text          0x08000764      0x114 c:/program files (x86)/gnu arm embedded toolchain/10 2021.10/bin/../lib/gcc/arm-none-eabi/10.3.1/thumb/v6-m/nofp\libgcc.a(_udivsi3.o)
                0x08000764                __aeabi_uidiv
                0x08000764                __udivsi3
                0x08000870                __aeabi_uidivmod
 .text          0x08000878        0x4 c:/program files (x86)/gnu arm embedded toolchain/10 2021.10/bin/../lib/gcc/arm-none-eabi/10.3.1/thumb/v6-m/nofp\libgcc.a(_dvmd_tls.o)
                0x08000878                __aeabi_idiv0
                0x08000878                __aeabi_ldiv0
 .text.__errno  0x0800087c        0xc c:/program files (x86)/gnu arm embedded toolchain/10 2021.10/bin/../lib/gcc/arm-none-eabi/10.3.1/../../../../arm-none-eabi/lib/thumb/v6-m/nofp\libg_nano.a(lib_a-errno.o)
                0x0800087c                __errno
 .text._vsnprintf_r
                0x08000888       0x56 c:/program files (x86)/gnu arm embedded toolchain/10 2021.10/bin/../lib/gcc/arm-none-eabi/10.3.1/../../../../arm-none-eabi/lib/thumb/v6-m/nofp\libg_nano.a(lib_a-vsnprintf.o)
                0x08000888                _vsniprintf_r
                0x08000888                _vsnprintf_r
 *fill*         0x080008de        0x2 
 .text.vsnprintf
                0x080008e0       0x18 c:/program files (x86)/gnu arm embedded toolchain/10 2021.10/bin/../lib/gcc/arm-none-eabi/10.3.1/../../../../arm-none-eabi/lib/thumb/v6-m/nofp\libg_nano.a(lib_a-vsnprintf.o)
                0x080008e0                vsniprintf
                0x080008e0                vsnprintf
 .text.__ssputs_r
                0x080008f8       0xc4 c:/program files (x86)/gnu arm embedded toolchain/10 2021.10/bin/../lib/gcc/arm-none-eabi/10.3.1/../../../../arm-none-eabi/lib/thumb/v6-m/nofp\libg_nano.a(lib_a-nano-svfprintf.o)
                0x080008f8                __ssputs_r
 .text._svfprintf_r
                0x080009bc      0x200 c:/program files (x86)/gnu arm embedded toolchain/10 2021.10/bin/../lib/gcc/arm-none-eabi/10.3.1/../../../../arm-none-eabi/lib/thumb/v6-m/nofp\libg_nano.a(lib_a-nano-svfprintf.o)
                0x080009bc                _svfiprintf_r
                0x080009bc                _svfprintf_r
 .text._printf_common
                0x08000bbc       0xde c:/program files (x86)/gnu arm embedded toolchain/10 2021.10/bin/../lib/gcc/arm-none-eabi/10.3.1/../../../../arm-none-eabi/lib/thumb/v6-m/nofp\libg_nano.a(lib_a-nano-vfprintf_i.o)
                0x08000bbc                _printf_common
 *fill*         0x08000c9a        0x2 
 .text._printf_i
                0x08000c9c      0x224 c:/program files (x86)/gnu arm embedded toolchain/10 2021.10/bin/../lib/gcc/arm-none-eabi/10.3.1/../../../../arm-none-eabi/lib/thumb/v6-m/nofp\libg_nano.a(lib_a-nano-vfprintf_i.o)
                0x08000c9c                _printf_i
 .text.memchr   0x08000ec0       0x16 c:/program files (x86)/gnu arm embedded toolchain/10 2021.10/bin/../lib/gcc/arm-none-eabi/10.3.1/../../../../arm-none-eabi/lib/thumb/v6-m/nofp\libg_nano.a(lib_a-memchr-stub.o)
                0x08000ec0                memchr
 .text.memcpy   0x08000ed6       0x12 c:/program files (x86)/gnu arm embedded toolchain/10 2021.10/bin/../lib/gcc/arm-none-eabi/10.3.1/../../../../arm-none-eabi/lib/thumb/v6-m/nofp\libg_nano.a(lib_a-memcpy-stub.o)
                0x08000ed6                memcpy
 .text.memmove  0x08000ee8       0x26 c:/program files (x86)/gnu arm embedded toolchain/10 2021.10/bin/../lib/gcc/arm-none-eabi/10.3.1/../../../../arm-none-eabi/lib/thumb/v6-m/nofp\libg_nano.a(lib_a-memmove.o)
                0x08000ee8                memmove
 *fill*         0x08000f0e        0x2 
 .text._free_r  0x08000f10       0x94 c:/program files (x86)/gnu arm embedded toolchain/10 2021.10/bin/../lib/gcc/arm-none-eabi/10.3.1/../../../../arm-none-eabi/lib/thumb/v6-m/nofp\libg_nano.a(lib_a-nano-freer.o)
                0x08000f10                _free_r
 .text.sbrk_aligned
                0x08000fa4       0x44 c:/program files (x86)/gnu arm embedded toolchain/10 2021.10/bin/../lib/gcc/arm-none-eabi/10.3.1/../../../../arm-none-eabi/lib/thumb/v6-m/nofp\libg_nano.a(lib_a-nano-mallocr.o)
 .text._malloc_r
                0x08000fe8       0xec c:/program files (x86)/gnu arm embedded toolchain/10 2021.10/bin/../lib/gcc/arm-none-eabi/10.3.1/../../../../arm-none-eabi/lib/thumb/v6-m/nofp\libg_nano.a(lib_a-nano-mallocr.o)
                0x08000fe8                _malloc_r
 .text._realloc_r
                0x080010d4       0x5e c:/program files (x86)/gnu arm embedded toolchain/10 2021.10/bin/../lib/gcc/arm-none-eabi/10.3.1/../../../../arm-none-eabi/lib/thumb/v6-m/nofp\libg_nano.a(lib_a-nano-reallocr.o)
                0x080010d4                _realloc_r
 *fill*         0x08001132        0x2 
 .text._sbrk_r  0x08001134       0x24 c:/program files (x86)/gnu arm embedded toolchain/10 2021.10/bin/../lib/gcc/arm-none-eabi/10.3.1/../../../../arm-none-eabi/lib/thumb/v6-m/nofp\libg_nano.a(lib_a-sbrkr.o)
                0x08001134                _sbrk_r
 .text.__malloc_lock
                0x08001158       0x10 c:/program files (x86)/gnu arm embedded toolchain/10 2021.10/bin/../lib/gcc/arm-none-eabi/10.3.1/../../../../arm-none-eabi/lib/thumb/v6-m/nofp\libg_nano.a(lib_a-mlock.o)
                0x08001158                __malloc_lock
 .text.__malloc_unlock
                0x08001168       0x10 c:/program files (x86)/gnu arm embedded toolchain/10 2021.10/bin/../lib/gcc/arm-none-eabi/10.3.1/../../../../arm-none-eabi/lib/thumb/v6-m/nofp\libg_nano.a(lib_a-mlock.o)
                0x08001168                __malloc_unlock
 .text._malloc_usable_size_r
                0x08001178       0x10 c:/program files (x86)/gnu arm embedded toolchain/10 2021.10/bin/../lib/gcc/arm-none-eabi/10.3.1/../../../../arm-none-eabi/lib/thumb/v6-m/nofp\libg_nano.a(lib_a-nano-msizer.o)
                0x08001178                _malloc_usable_size_r
 .text.__retarget_lock_acquire_recursive
                0x08001188        0x2 c:/program files (x86)/gnu arm embedded toolchain/10 2021.10/bin/../lib/gcc/arm-none-eabi/10.3.1/../../../../arm-none-eabi/lib/thumb/v6-m/nofp\libg_nano.a(lib_a-lock.o)
                0x08001188                __retarget_lock_acquire_recursive
 .text.__retarget_lock_release_recursive
                0x0800118a        0x2 c:/program files (x86)/gnu arm embedded toolchain/10 2021.10/bin/../lib/gcc/arm-none-eabi/10.3.1/../../../../arm-none-eabi/lib/thumb/v6-m/nofp\libg_nano.a(lib_a-lock.o)
                0x0800118a                __retarget_lock_release_recursive
 .text          0x0800118c       0x14 c:/program files (x86)/gnu arm embedded toolchain/10 2021.10/bin/../lib/gcc/arm-none-eabi/10.3.1/thumb/v6-m/nofp\libgcc.a(_thumb1_case_shi.o)
                0x0800118c                __gnu_thumb1_case_shi
 *(.rodata .rodata.* .constdata .constdata.*)
 .rodata.assert_failed.str1.4
                0x080011a0       0x2d src\initialize-hardware.o
 *fill*         0x080011cd        0x3 
 .rodata.AHBPrescTable
                0x080011d0       0x10 system\src\cmsis\system_stm32f0xx.o
                0x080011d0                AHBPrescTable
 .rodata.dumpExceptionStack.str1.4
                0x080011e0       0xae system\src\cortexm\exception-handlers.o
 *fill*         0x0800128e        0x2 
 .rodata.str1.4
                0x08001290        0xd system\src\cortexm\exception-handlers.o
 *fill*         0x0800129d        0x3 
 .rodata.HAL_NVIC_SetPriority.str1.4
                0x080012a0       0x31 system\src\stm32f0-hal\stm32f0xx_hal_cortex.o
 .rodata._svfprintf_r.str1.1
                0x080012d1       0x11 c:/program files (x86)/gnu arm embedded toolchain/10 2021.10/bin/../lib/gcc/arm-none-eabi/10.3.1/../../../../arm-none-eabi/lib/thumb/v6-m/nofp\libg_nano.a(lib_a-nano-svfprintf.o)
 .rodata._printf_i.str1.1
                0x080012e2       0x22 c:/program files (x86)/gnu arm embedded toolchain/10 2021.10/bin/../lib/gcc/arm-none-eabi/10.3.1/../../../../arm-none-eabi/lib/thumb/v6-m/nofp\libg_nano.a(lib_a-nano-vfprintf_i.o)
 *(vtable)
 *(.eh_frame*)
 *(.glue_7)
 .glue_7        0x08001304        0x0 linker stubs
 *(.glue_7t)
 .glue_7t       0x08001304        0x0 linker stubs

.vfp11_veneer   0x08001304        0x0
 .vfp11_veneer  0x08001304        0x0 linker stubs

.v4_bx          0x08001304        0x0
 .v4_bx         0x08001304        0x0 linker stubs

.iplt           0x08001304        0x0
 .iplt          0x08001304        0x0 src\initialize-hardware.o

.rel.dyn        0x08001304        0x0
 .rel.iplt      0x08001304        0x0 src\initialize-hardware.o

.ARM.extab
 *(.ARM.extab* .gnu.linkonce.armextab.*)
                0x08001304                . = ALIGN (0x4)
                0x08001304                __exidx_start = .

.ARM.exidx
 *(.ARM.exidx* .gnu.linkonce.armexidx.*)
                0x08001304                __exidx_end = .
                0x08001304                . = ALIGN (0x4)
                0x08001304                _etext = .
                0x08001304                __etext = .

.data_CCMRAM    0x00000000        0x0 load address 0x08001304
 FILL mask 0xff
 *(.data.CCMRAM .data.CCMRAM.*)
                0x00000000                . = ALIGN (0x4)
                0x08001304                _sidata = LOADADDR (.data)

.data           0x20000000       0x80 load address 0x08001304
 FILL mask 0xff
                0x20000000                _sdata = .
                0x20000000                __data_start__ = .
 *(.data_begin .data_begin.*)
 .data_begin    0x20000000        0x4 system\src\newlib\startup.o
 *(.data .data.*)
 .data.SystemCoreClock
                0x20000004        0x4 system\src\cmsis\system_stm32f0xx.o
                0x20000004                SystemCoreClock
 .data.argv.1   0x20000008        0x8 system\src\newlib\syscalls.o
 .data.uwTickFreq
                0x20000010        0x1 system\src\stm32f0-hal\stm32f0xx_hal.o
                0x20000010                uwTickFreq
 *fill*         0x20000011        0x3 ff
 .data.uwTickPrio
                0x20000014        0x4 system\src\stm32f0-hal\stm32f0xx_hal.o
                0x20000014                uwTickPrio
 .data._impure_ptr
                0x20000018        0x4 c:/program files (x86)/gnu arm embedded toolchain/10 2021.10/bin/../lib/gcc/arm-none-eabi/10.3.1/../../../../arm-none-eabi/lib/thumb/v6-m/nofp\libg_nano.a(lib_a-impure.o)
                0x20000018                _impure_ptr
 .data.impure_data
                0x2000001c       0x60 c:/program files (x86)/gnu arm embedded toolchain/10 2021.10/bin/../lib/gcc/arm-none-eabi/10.3.1/../../../../arm-none-eabi/lib/thumb/v6-m/nofp\libg_nano.a(lib_a-impure.o)
 *(.data_end .data_end.*)
 .data_end      0x2000007c        0x4 system\src\newlib\startup.o
                0x20000080                . = ALIGN (0x4)
                0x20000080                _edata = .
                0x20000080                __data_end__ = .

.igot.plt       0x20000080        0x0 load address 0x08001384
 .igot.plt      0x20000080        0x0 src\initialize-hardware.o

.bss_CCMRAM     0x00000000        0x0
 *(.bss.CCMRAM .bss.CCMRAM.*)

.bss            0x20000080       0xa8
                0x20000080                __bss_start__ = .
                0x20000080                _sbss = .
 *(.bss_begin .bss_begin.*)
 .bss_begin     0x20000080        0x4 system\src\newlib\startup.o
 *(.bss .bss.*)
 .bss.timer_delayCount
                0x20000084        0x4 src\timer.o
                0x20000084                timer_delayCount
 .bss.buf.0     0x20000088       0x80 system\src\diag\trace.o
 .bss.current_heap_end.0
                0x20000108        0x4 system\src\newlib\sbrk.o
 .bss.errno     0x2000010c        0x4 system\src\newlib\syscalls.o
                0x2000010c                errno
 .bss.name.0    0x20000110        0x1 system\src\newlib\syscalls.o
 *fill*         0x20000111        0x3 
 .bss.uwTick    0x20000114        0x4 system\src\stm32f0-hal\stm32f0xx_hal.o
                0x20000114                uwTick
 .bss.__malloc_free_list
                0x20000118        0x4 c:/program files (x86)/gnu arm embedded toolchain/10 2021.10/bin/../lib/gcc/arm-none-eabi/10.3.1/../../../../arm-none-eabi/lib/thumb/v6-m/nofp\libg_nano.a(lib_a-nano-mallocr.o)
                0x20000118                __malloc_free_list
 .bss.__malloc_sbrk_start
                0x2000011c        0x4 c:/program files (x86)/gnu arm embedded toolchain/10 2021.10/bin/../lib/gcc/arm-none-eabi/10.3.1/../../../../arm-none-eabi/lib/thumb/v6-m/nofp\libg_nano.a(lib_a-nano-mallocr.o)
                0x2000011c                __malloc_sbrk_start
 .bss.__lock___malloc_recursive_mutex
                0x20000120        0x1 c:/program files (x86)/gnu arm embedded toolchain/10 2021.10/bin/../lib/gcc/arm-none-eabi/10.3.1/../../../../arm-none-eabi/lib/thumb/v6-m/nofp\libg_nano.a(lib_a-lock.o)
                0x20000120                __lock___malloc_recursive_mutex
 *(COMMON)
 *(.bss_end .bss_end.*)
 *fill*         0x20000121        0x3 
 .bss_end       0x20000124        0x4 system\src\newlib\startup.o
                0x20000128                . = ALIGN (0x4)
                0x20000128                __bss_end__ = .
                0x20000128                _ebss = .

.noinit_CCMRAM
 *(.noinit.CCMRAM .noinit.CCMRAM.*)

.noinit         0x20000128        0x0
                0x20000128                _noinit = .
 *(.noinit .noinit.*)
                0x20000128                . = ALIGN (0x4)
                0x20000128                _end_noinit = .
                [!provide]                PROVIDE (end = _end_noinit)
                [!provide]                PROVIDE (_end = _end_noinit)
                [!provide]                PROVIDE (__end = _end_noinit)
                [!provide]                PROVIDE (__end__ = _end_noinit)

._check_stack   0x20000128      0x100
                0x20000228                . = (. + _Minimum_Stack_Size)
 *fill*         0x20000128      0x100 

.b1text
 *(.b1text)
 *(.b1rodata)
 *(.b1rodata.*)

.eb0text
 *(.eb0text)
 *(.eb0rodata)
 *(.eb0rodata.*)

.eb1text
 *(.eb1text)
 *(.eb1rodata)
 *(.eb1rodata.*)

.eb2text
 *(.eb2text)
 *(.eb2rodata)
 *(.eb2rodata.*)

.eb3text
 *(.eb3text)
 *(.eb3rodata)
 *(.eb3rodata.*)

.stab
 *(.stab)

.stabstr
 *(.stabstr)

.stab.excl
 *(.stab.excl)

.stab.exclstr
 *(.stab.exclstr)

.stab.index
 *(.stab.index)

.stab.indexstr
 *(.stab.indexstr)

.comment        0x00000000       0x49
 *(.comment)
 .comment       0x00000000       0x49 src\initialize-hardware.o
                                 0x4a (size before relaxing)
 .comment       0x00000049       0x4a src\main.o
 .comment       0x00000049       0x4a src\stm32f0xx_hal_msp.o
 .comment       0x00000049       0x4a src\timer.o
 .comment       0x00000049       0x4a system\src\cmsis\system_stm32f0xx.o
 .comment       0x00000049       0x4a system\src\cmsis\vectors_stm32f051x8.o
 .comment       0x00000049       0x4a system\src\cortexm\exception-handlers.o
 .comment       0x00000049       0x4a system\src\cortexm\initialize-hardware.o
 .comment       0x00000049       0x4a system\src\diag\trace-impl.o
 .comment       0x00000049       0x4a system\src\diag\trace.o
 .comment       0x00000049       0x4a system\src\newlib\exit.o
 .comment       0x00000049       0x4a system\src\newlib\sbrk.o
 .comment       0x00000049       0x4a system\src\newlib\startup.o
 .comment       0x00000049       0x4a system\src\newlib\syscalls.o
 .comment       0x00000049       0x4a system\src\stm32f0-hal\stm32f0xx_hal.o
 .comment       0x00000049       0x4a system\src\stm32f0-hal\stm32f0xx_hal_cortex.o
 .comment       0x00000049       0x4a system\src\stm32f0-hal\stm32f0xx_hal_rcc.o

.ARM.attributes
                0x00000000       0x2a
 .ARM.attributes
                0x00000000       0x2c src\initialize-hardware.o
 .ARM.attributes
                0x0000002c       0x2c src\main.o
 .ARM.attributes
                0x00000058       0x2c src\stm32f0xx_hal_msp.o
 .ARM.attributes
                0x00000084       0x2c src\timer.o
 .ARM.attributes
                0x000000b0       0x2c system\src\cmsis\system_stm32f0xx.o
 .ARM.attributes
                0x000000dc       0x2c system\src\cmsis\vectors_stm32f051x8.o
 .ARM.attributes
                0x00000108       0x2c system\src\cortexm\exception-handlers.o
 .ARM.attributes
                0x00000134       0x2c system\src\cortexm\initialize-hardware.o
 .ARM.attributes
                0x00000160       0x2c system\src\diag\trace-impl.o
 .ARM.attributes
                0x0000018c       0x2c system\src\diag\trace.o
 .ARM.attributes
                0x000001b8       0x2c system\src\newlib\exit.o
 .ARM.attributes
                0x000001e4       0x2c system\src\newlib\sbrk.o
 .ARM.attributes
                0x00000210       0x2c system\src\newlib\startup.o
 .ARM.attributes
                0x0000023c       0x2c system\src\newlib\syscalls.o
 .ARM.attributes
                0x00000268       0x2c system\src\stm32f0-hal\stm32f0xx_hal.o
 .ARM.attributes
                0x00000294       0x2c system\src\stm32f0-hal\stm32f0xx_hal_cortex.o
 .ARM.attributes
                0x000002c0       0x2c system\src\stm32f0-hal\stm32f0xx_hal_rcc.o
 .ARM.attributes
                0x000002ec       0x1e c:/program files (x86)/gnu arm embedded toolchain/10 2021.10/bin/../lib/gcc/arm-none-eabi/10.3.1/thumb/v6-m/nofp\libgcc.a(_udivsi3.o)
 .ARM.attributes
                0x0000030a       0x1e c:/program files (x86)/gnu arm embedded toolchain/10 2021.10/bin/../lib/gcc/arm-none-eabi/10.3.1/thumb/v6-m/nofp\libgcc.a(_dvmd_tls.o)
 .ARM.attributes
                0x00000328       0x2c c:/program files (x86)/gnu arm embedded toolchain/10 2021.10/bin/../lib/gcc/arm-none-eabi/10.3.1/../../../../arm-none-eabi/lib/thumb/v6-m/nofp\libg_nano.a(lib_a-errno.o)
 .ARM.attributes
                0x00000354       0x2c c:/program files (x86)/gnu arm embedded toolchain/10 2021.10/bin/../lib/gcc/arm-none-eabi/10.3.1/../../../../arm-none-eabi/lib/thumb/v6-m/nofp\libg_nano.a(lib_a-impure.o)
 .ARM.attributes
                0x00000380       0x2c c:/program files (x86)/gnu arm embedded toolchain/10 2021.10/bin/../lib/gcc/arm-none-eabi/10.3.1/../../../../arm-none-eabi/lib/thumb/v6-m/nofp\libg_nano.a(lib_a-vsnprintf.o)
 .ARM.attributes
                0x000003ac       0x2c c:/program files (x86)/gnu arm embedded toolchain/10 2021.10/bin/../lib/gcc/arm-none-eabi/10.3.1/../../../../arm-none-eabi/lib/thumb/v6-m/nofp\libg_nano.a(lib_a-nano-svfprintf.o)
 .ARM.attributes
                0x000003d8       0x2c c:/program files (x86)/gnu arm embedded toolchain/10 2021.10/bin/../lib/gcc/arm-none-eabi/10.3.1/../../../../arm-none-eabi/lib/thumb/v6-m/nofp\libg_nano.a(lib_a-nano-vfprintf_i.o)
 .ARM.attributes
                0x00000404       0x2c c:/program files (x86)/gnu arm embedded toolchain/10 2021.10/bin/../lib/gcc/arm-none-eabi/10.3.1/../../../../arm-none-eabi/lib/thumb/v6-m/nofp\libg_nano.a(lib_a-memchr-stub.o)
 .ARM.attributes
                0x00000430       0x2c c:/program files (x86)/gnu arm embedded toolchain/10 2021.10/bin/../lib/gcc/arm-none-eabi/10.3.1/../../../../arm-none-eabi/lib/thumb/v6-m/nofp\libg_nano.a(lib_a-memcpy-stub.o)
 .ARM.attributes
                0x0000045c       0x2c c:/program files (x86)/gnu arm embedded toolchain/10 2021.10/bin/../lib/gcc/arm-none-eabi/10.3.1/../../../../arm-none-eabi/lib/thumb/v6-m/nofp\libg_nano.a(lib_a-memmove.o)
 .ARM.attributes
                0x00000488       0x2c c:/program files (x86)/gnu arm embedded toolchain/10 2021.10/bin/../lib/gcc/arm-none-eabi/10.3.1/../../../../arm-none-eabi/lib/thumb/v6-m/nofp\libg_nano.a(lib_a-nano-freer.o)
 .ARM.attributes
                0x000004b4       0x2c c:/program files (x86)/gnu arm embedded toolchain/10 2021.10/bin/../lib/gcc/arm-none-eabi/10.3.1/../../../../arm-none-eabi/lib/thumb/v6-m/nofp\libg_nano.a(lib_a-nano-mallocr.o)
 .ARM.attributes
                0x000004e0       0x2c c:/program files (x86)/gnu arm embedded toolchain/10 2021.10/bin/../lib/gcc/arm-none-eabi/10.3.1/../../../../arm-none-eabi/lib/thumb/v6-m/nofp\libg_nano.a(lib_a-nano-reallocr.o)
 .ARM.attributes
                0x0000050c       0x2c c:/program files (x86)/gnu arm embedded toolchain/10 2021.10/bin/../lib/gcc/arm-none-eabi/10.3.1/../../../../arm-none-eabi/lib/thumb/v6-m/nofp\libg_nano.a(lib_a-sbrkr.o)
 .ARM.attributes
                0x00000538       0x2c c:/program files (x86)/gnu arm embedded toolchain/10 2021.10/bin/../lib/gcc/arm-none-eabi/10.3.1/../../../../arm-none-eabi/lib/thumb/v6-m/nofp\libg_nano.a(lib_a-mlock.o)
 .ARM.attributes
                0x00000564       0x2c c:/program files (x86)/gnu arm embedded toolchain/10 2021.10/bin/../lib/gcc/arm-none-eabi/10.3.1/../../../../arm-none-eabi/lib/thumb/v6-m/nofp\libg_nano.a(lib_a-nano-msizer.o)
 .ARM.attributes
                0x00000590       0x2c c:/program files (x86)/gnu arm embedded toolchain/10 2021.10/bin/../lib/gcc/arm-none-eabi/10.3.1/../../../../arm-none-eabi/lib/thumb/v6-m/nofp\libg_nano.a(lib_a-lock.o)
 .ARM.attributes
                0x000005bc       0x1e c:/program files (x86)/gnu arm embedded toolchain/10 2021.10/bin/../lib/gcc/arm-none-eabi/10.3.1/thumb/v6-m/nofp\libgcc.a(_thumb1_case_shi.o)

.debug
 *(.debug)

.line
 *(.line)

.debug_srcinfo
 *(.debug_srcinfo)

.debug_sfnames
 *(.debug_sfnames)

.debug_aranges  0x00000000      0x490
 *(.debug_aranges)
 .debug_aranges
                0x00000000       0x30 src\initialize-hardware.o
 .debug_aranges
                0x00000030       0x40 src\main.o
 .debug_aranges
                0x00000070       0x38 src\stm32f0xx_hal_msp.o
 .debug_aranges
                0x000000a8       0x38 src\timer.o
 .debug_aranges
                0x000000e0       0x28 system\src\cmsis\system_stm32f0xx.o
 .debug_aranges
                0x00000108       0x20 system\src\cmsis\vectors_stm32f051x8.o
 .debug_aranges
                0x00000128       0x58 system\src\cortexm\exception-handlers.o
 .debug_aranges
                0x00000180       0x28 system\src\cortexm\initialize-hardware.o
 .debug_aranges
                0x000001a8       0x30 system\src\diag\trace-impl.o
 .debug_aranges
                0x000001d8       0x38 system\src\diag\trace.o
 .debug_aranges
                0x00000210       0x28 system\src\newlib\exit.o
 .debug_aranges
                0x00000238       0x20 system\src\newlib\sbrk.o
 .debug_aranges
                0x00000258       0x40 system\src\newlib\startup.o
 .debug_aranges
                0x00000298       0x30 system\src\newlib\syscalls.o
 .debug_aranges
                0x000002c8       0xd0 system\src\stm32f0-hal\stm32f0xx_hal.o
 .debug_aranges
                0x00000398       0x78 system\src\stm32f0-hal\stm32f0xx_hal_cortex.o
 .debug_aranges
                0x00000410       0x80 system\src\stm32f0-hal\stm32f0xx_hal_rcc.o

.debug_pubnames
 *(.debug_pubnames)

.debug_info     0x00000000     0x4138
 *(.debug_info .gnu.linkonce.wi.*)
 .debug_info    0x00000000      0x1c2 src\initialize-hardware.o
 .debug_info    0x000001c2      0x609 src\main.o
 .debug_info    0x000007cb       0xbf src\stm32f0xx_hal_msp.o
 .debug_info    0x0000088a      0x4dc src\timer.o
 .debug_info    0x00000d66      0x277 system\src\cmsis\system_stm32f0xx.o
 .debug_info    0x00000fdd       0xcd system\src\cmsis\vectors_stm32f051x8.o
 .debug_info    0x000010aa      0x349 system\src\cortexm\exception-handlers.o
 .debug_info    0x000013f3       0xcf system\src\cortexm\initialize-hardware.o
 .debug_info    0x000014c2      0x320 system\src\diag\trace-impl.o
 .debug_info    0x000017e2      0x30b system\src\diag\trace.o
 .debug_info    0x00001aed       0xf2 system\src\newlib\exit.o
 .debug_info    0x00001bdf      0x112 system\src\newlib\sbrk.o
 .debug_info    0x00001cf1      0x4ae system\src\newlib\startup.o
 .debug_info    0x0000219f      0x1d5 system\src\newlib\syscalls.o
 .debug_info    0x00002374      0x789 system\src\stm32f0-hal\stm32f0xx_hal.o
 .debug_info    0x00002afd      0x927 system\src\stm32f0-hal\stm32f0xx_hal_cortex.o
 .debug_info    0x00003424      0xd14 system\src\stm32f0-hal\stm32f0xx_hal_rcc.o

.debug_abbrev   0x00000000     0x1790
 *(.debug_abbrev)
 .debug_abbrev  0x00000000       0xca src\initialize-hardware.o
 .debug_abbrev  0x000000ca      0x181 src\main.o
 .debug_abbrev  0x0000024b       0x47 src\stm32f0xx_hal_msp.o
 .debug_abbrev  0x00000292      0x1f7 src\timer.o
 .debug_abbrev  0x00000489      0x134 system\src\cmsis\system_stm32f0xx.o
 .debug_abbrev  0x000005bd       0xa5 system\src\cmsis\vectors_stm32f051x8.o
 .debug_abbrev  0x00000662      0x182 system\src\cortexm\exception-handlers.o
 .debug_abbrev  0x000007e4       0x67 system\src\cortexm\initialize-hardware.o
 .debug_abbrev  0x0000084b      0x1eb system\src\diag\trace-impl.o
 .debug_abbrev  0x00000a36      0x173 system\src\diag\trace.o
 .debug_abbrev  0x00000ba9       0x97 system\src\newlib\exit.o
 .debug_abbrev  0x00000c40       0xcd system\src\newlib\sbrk.o
 .debug_abbrev  0x00000d0d      0x1b1 system\src\newlib\startup.o
 .debug_abbrev  0x00000ebe      0x10e system\src\newlib\syscalls.o
 .debug_abbrev  0x00000fcc      0x25b system\src\stm32f0-hal\stm32f0xx_hal.o
 .debug_abbrev  0x00001227      0x2f7 system\src\stm32f0-hal\stm32f0xx_hal_cortex.o
 .debug_abbrev  0x0000151e      0x272 system\src\stm32f0-hal\stm32f0xx_hal_rcc.o

.debug_line     0x00000000     0x7a89
 *(.debug_line)
 .debug_line    0x00000000      0x8dc src\initialize-hardware.o
 .debug_line    0x000008dc      0x7f7 src\main.o
 .debug_line    0x000010d3      0x653 src\stm32f0xx_hal_msp.o
 .debug_line    0x00001726      0x733 src\timer.o
 .debug_line    0x00001e59      0x6db system\src\cmsis\system_stm32f0xx.o
 .debug_line    0x00002534      0x120 system\src\cmsis\vectors_stm32f051x8.o
 .debug_line    0x00002654      0xa00 system\src\cortexm\exception-handlers.o
 .debug_line    0x00003054      0x65e system\src\cortexm\initialize-hardware.o
 .debug_line    0x000036b2      0x99d system\src\diag\trace-impl.o
 .debug_line    0x0000404f      0x471 system\src\diag\trace.o
 .debug_line    0x000044c0      0x385 system\src\newlib\exit.o
 .debug_line    0x00004845      0x370 system\src\newlib\sbrk.o
 .debug_line    0x00004bb5      0x5ed system\src\newlib\startup.o
 .debug_line    0x000051a2      0x48c system\src\newlib\syscalls.o
 .debug_line    0x0000562e      0x938 system\src\stm32f0-hal\stm32f0xx_hal.o
 .debug_line    0x00005f66      0xa0f system\src\stm32f0-hal\stm32f0xx_hal_cortex.o
 .debug_line    0x00006975     0x1114 system\src\stm32f0-hal\stm32f0xx_hal_rcc.o

.debug_frame    0x00000000      0xc7c
 *(.debug_frame)
 .debug_frame   0x00000000       0x58 src\initialize-hardware.o
 .debug_frame   0x00000058       0x70 src\main.o
 .debug_frame   0x000000c8       0x50 src\stm32f0xx_hal_msp.o
 .debug_frame   0x00000118       0x60 src\timer.o
 .debug_frame   0x00000178       0x38 system\src\cmsis\system_stm32f0xx.o
 .debug_frame   0x000001b0       0x20 system\src\cmsis\vectors_stm32f051x8.o
 .debug_frame   0x000001d0       0xb0 system\src\cortexm\exception-handlers.o
 .debug_frame   0x00000280       0x40 system\src\cortexm\initialize-hardware.o
 .debug_frame   0x000002c0       0x60 system\src\diag\trace-impl.o
 .debug_frame   0x00000320       0x78 system\src\diag\trace.o
 .debug_frame   0x00000398       0x38 system\src\newlib\exit.o
 .debug_frame   0x000003d0       0x28 system\src\newlib\sbrk.o
 .debug_frame   0x000003f8       0x80 system\src\newlib\startup.o
 .debug_frame   0x00000478       0x50 system\src\newlib\syscalls.o
 .debug_frame   0x000004c8      0x1b0 system\src\stm32f0-hal\stm32f0xx_hal.o
 .debug_frame   0x00000678      0x114 system\src\stm32f0-hal\stm32f0xx_hal_cortex.o
 .debug_frame   0x0000078c      0x144 system\src\stm32f0-hal\stm32f0xx_hal_rcc.o
 .debug_frame   0x000008d0       0x20 c:/program files (x86)/gnu arm embedded toolchain/10 2021.10/bin/../lib/gcc/arm-none-eabi/10.3.1/thumb/v6-m/nofp\libgcc.a(_udivsi3.o)
 .debug_frame   0x000008f0       0x20 c:/program files (x86)/gnu arm embedded toolchain/10 2021.10/bin/../lib/gcc/arm-none-eabi/10.3.1/../../../../arm-none-eabi/lib/thumb/v6-m/nofp\libg_nano.a(lib_a-errno.o)
 .debug_frame   0x00000910       0x48 c:/program files (x86)/gnu arm embedded toolchain/10 2021.10/bin/../lib/gcc/arm-none-eabi/10.3.1/../../../../arm-none-eabi/lib/thumb/v6-m/nofp\libg_nano.a(lib_a-vsnprintf.o)
 .debug_frame   0x00000958       0x74 c:/program files (x86)/gnu arm embedded toolchain/10 2021.10/bin/../lib/gcc/arm-none-eabi/10.3.1/../../../../arm-none-eabi/lib/thumb/v6-m/nofp\libg_nano.a(lib_a-nano-svfprintf.o)
 .debug_frame   0x000009cc       0x54 c:/program files (x86)/gnu arm embedded toolchain/10 2021.10/bin/../lib/gcc/arm-none-eabi/10.3.1/../../../../arm-none-eabi/lib/thumb/v6-m/nofp\libg_nano.a(lib_a-nano-vfprintf_i.o)
 .debug_frame   0x00000a20       0x20 c:/program files (x86)/gnu arm embedded toolchain/10 2021.10/bin/../lib/gcc/arm-none-eabi/10.3.1/../../../../arm-none-eabi/lib/thumb/v6-m/nofp\libg_nano.a(lib_a-memchr-stub.o)
 .debug_frame   0x00000a40       0x28 c:/program files (x86)/gnu arm embedded toolchain/10 2021.10/bin/../lib/gcc/arm-none-eabi/10.3.1/../../../../arm-none-eabi/lib/thumb/v6-m/nofp\libg_nano.a(lib_a-memcpy-stub.o)
 .debug_frame   0x00000a68       0x28 c:/program files (x86)/gnu arm embedded toolchain/10 2021.10/bin/../lib/gcc/arm-none-eabi/10.3.1/../../../../arm-none-eabi/lib/thumb/v6-m/nofp\libg_nano.a(lib_a-memmove.o)
 .debug_frame   0x00000a90       0x2c c:/program files (x86)/gnu arm embedded toolchain/10 2021.10/bin/../lib/gcc/arm-none-eabi/10.3.1/../../../../arm-none-eabi/lib/thumb/v6-m/nofp\libg_nano.a(lib_a-nano-freer.o)
 .debug_frame   0x00000abc       0x50 c:/program files (x86)/gnu arm embedded toolchain/10 2021.10/bin/../lib/gcc/arm-none-eabi/10.3.1/../../../../arm-none-eabi/lib/thumb/v6-m/nofp\libg_nano.a(lib_a-nano-mallocr.o)
 .debug_frame   0x00000b0c       0x34 c:/program files (x86)/gnu arm embedded toolchain/10 2021.10/bin/../lib/gcc/arm-none-eabi/10.3.1/../../../../arm-none-eabi/lib/thumb/v6-m/nofp\libg_nano.a(lib_a-nano-reallocr.o)
 .debug_frame   0x00000b40       0x2c c:/program files (x86)/gnu arm embedded toolchain/10 2021.10/bin/../lib/gcc/arm-none-eabi/10.3.1/../../../../arm-none-eabi/lib/thumb/v6-m/nofp\libg_nano.a(lib_a-sbrkr.o)
 .debug_frame   0x00000b6c       0x40 c:/program files (x86)/gnu arm embedded toolchain/10 2021.10/bin/../lib/gcc/arm-none-eabi/10.3.1/../../../../arm-none-eabi/lib/thumb/v6-m/nofp\libg_nano.a(lib_a-mlock.o)
 .debug_frame   0x00000bac       0x20 c:/program files (x86)/gnu arm embedded toolchain/10 2021.10/bin/../lib/gcc/arm-none-eabi/10.3.1/../../../../arm-none-eabi/lib/thumb/v6-m/nofp\libg_nano.a(lib_a-nano-msizer.o)
 .debug_frame   0x00000bcc       0xb0 c:/program files (x86)/gnu arm embedded toolchain/10 2021.10/bin/../lib/gcc/arm-none-eabi/10.3.1/../../../../arm-none-eabi/lib/thumb/v6-m/nofp\libg_nano.a(lib_a-lock.o)

.debug_str      0x00000000    0x72a87
 *(.debug_str)
 .debug_str     0x00000000    0x6e2e5 src\initialize-hardware.o
                              0x6e565 (size before relaxing)
 .debug_str     0x0006e2e5      0x2ca src\main.o
                              0x6b1e8 (size before relaxing)
 .debug_str     0x0006e5af       0x57 src\stm32f0xx_hal_msp.o
                              0x6aedd (size before relaxing)
 .debug_str     0x0006e606      0x161 src\timer.o
                              0x6b22f (size before relaxing)
 .debug_str     0x0006e767       0x6d system\src\cmsis\system_stm32f0xx.o
                              0x6af8b (size before relaxing)
 .debug_str     0x0006e7d4       0x59 system\src\cmsis\vectors_stm32f051x8.o
                               0x37ab (size before relaxing)
 .debug_str     0x0006e82d     0x1120 system\src\cortexm\exception-handlers.o
                              0x6f625 (size before relaxing)
 .debug_str     0x0006f94d       0x48 system\src\cortexm\initialize-hardware.o
                              0x6af1e (size before relaxing)
 .debug_str     0x0006f995      0x317 system\src\diag\trace-impl.o
                              0x6e815 (size before relaxing)
 .debug_str     0x0006fcac      0x7ff system\src\diag\trace.o
                               0x7e91 (size before relaxing)
 .debug_str     0x000704ab      0x10f system\src\newlib\exit.o
                               0x770a (size before relaxing)
 .debug_str     0x000705ba      0x4dd system\src\newlib\sbrk.o
                               0x6aeb (size before relaxing)
 .debug_str     0x00070a97      0x22e system\src\newlib\startup.o
                               0x62f1 (size before relaxing)
 .debug_str     0x00070cc5     0x14f4 system\src\newlib\syscalls.o
                               0x8038 (size before relaxing)
 .debug_str     0x000721b9      0x416 system\src\stm32f0-hal\stm32f0xx_hal.o
                              0x6b54e (size before relaxing)
 .debug_str     0x000725cf      0x127 system\src\stm32f0-hal\stm32f0xx_hal_cortex.o
                              0x6b335 (size before relaxing)
 .debug_str     0x000726f6      0x391 system\src\stm32f0-hal\stm32f0xx_hal_rcc.o
                              0x6b3ad (size before relaxing)

.debug_loc      0x00000000     0x1679
 *(.debug_loc)
 .debug_loc     0x00000000       0x64 src\initialize-hardware.o
 .debug_loc     0x00000064       0x16 src\main.o
 .debug_loc     0x0000007a       0x63 src\timer.o
 .debug_loc     0x000000dd      0x167 system\src\cmsis\system_stm32f0xx.o
 .debug_loc     0x00000244       0xa8 system\src\cortexm\exception-handlers.o
 .debug_loc     0x000002ec      0x19f system\src\diag\trace-impl.o
 .debug_loc     0x0000048b      0x118 system\src\diag\trace.o
 .debug_loc     0x000005a3       0x15 system\src\newlib\exit.o
 .debug_loc     0x000005b8       0xad system\src\newlib\sbrk.o
 .debug_loc     0x00000665      0x2de system\src\newlib\startup.o
 .debug_loc     0x00000943       0x6f system\src\newlib\syscalls.o
 .debug_loc     0x000009b2      0x130 system\src\stm32f0-hal\stm32f0xx_hal.o
 .debug_loc     0x00000ae2      0x49d system\src\stm32f0-hal\stm32f0xx_hal_cortex.o
 .debug_loc     0x00000f7f      0x6fa system\src\stm32f0-hal\stm32f0xx_hal_rcc.o

.debug_macinfo
 *(.debug_macinfo)

.debug_weaknames
 *(.debug_weaknames)

.debug_funcnames
 *(.debug_funcnames)

.debug_typenames
 *(.debug_typenames)

.debug_varnames
 *(.debug_varnames)
OUTPUT(mec4126f_prac7_BGCRIV001.elf elf32-littlearm)
LOAD linker stubs

.debug_ranges   0x00000000      0x410
 .debug_ranges  0x00000000       0x20 src\initialize-hardware.o
 .debug_ranges  0x00000020       0x30 src\main.o
 .debug_ranges  0x00000050       0x28 src\stm32f0xx_hal_msp.o
 .debug_ranges  0x00000078       0x28 src\timer.o
 .debug_ranges  0x000000a0       0x18 system\src\cmsis\system_stm32f0xx.o
 .debug_ranges  0x000000b8       0x10 system\src\cmsis\vectors_stm32f051x8.o
 .debug_ranges  0x000000c8       0x48 system\src\cortexm\exception-handlers.o
 .debug_ranges  0x00000110       0x18 system\src\cortexm\initialize-hardware.o
 .debug_ranges  0x00000128       0x38 system\src\diag\trace-impl.o
 .debug_ranges  0x00000160       0x28 system\src\diag\trace.o
 .debug_ranges  0x00000188       0x18 system\src\newlib\exit.o
 .debug_ranges  0x000001a0       0x10 system\src\newlib\sbrk.o
 .debug_ranges  0x000001b0       0x30 system\src\newlib\startup.o
 .debug_ranges  0x000001e0       0x20 system\src\newlib\syscalls.o
 .debug_ranges  0x00000200       0xc0 system\src\stm32f0-hal\stm32f0xx_hal.o
 .debug_ranges  0x000002c0       0xc8 system\src\stm32f0-hal\stm32f0xx_hal_cortex.o
 .debug_ranges  0x00000388       0x88 system\src\stm32f0-hal\stm32f0xx_hal_rcc.o

.debug_macro    0x00000000    0x13955
 .debug_macro   0x00000000      0x3cb src\initialize-hardware.o
 .debug_macro   0x000003cb      0xa60 src\initialize-hardware.o
 .debug_macro   0x00000e2b       0x2e src\initialize-hardware.o
 .debug_macro   0x00000e59       0x22 src\initialize-hardware.o
 .debug_macro   0x00000e7b      0x34e src\initialize-hardware.o
 .debug_macro   0x000011c9       0x1c src\initialize-hardware.o
 .debug_macro   0x000011e5       0x22 src\initialize-hardware.o
 .debug_macro   0x00001207       0xaf src\initialize-hardware.o
 .debug_macro   0x000012b6      0x391 src\initialize-hardware.o
 .debug_macro   0x00001647     0x8cdd src\initialize-hardware.o
 .debug_macro   0x0000a324       0x3c src\initialize-hardware.o
 .debug_macro   0x0000a360      0x193 src\initialize-hardware.o
 .debug_macro   0x0000a4f3      0x174 src\initialize-hardware.o
 .debug_macro   0x0000a667       0x54 src\initialize-hardware.o
 .debug_macro   0x0000a6bb      0x924 src\initialize-hardware.o
 .debug_macro   0x0000afdf      0x251 src\initialize-hardware.o
 .debug_macro   0x0000b230      0x12f src\initialize-hardware.o
 .debug_macro   0x0000b35f      0x114 src\initialize-hardware.o
 .debug_macro   0x0000b473      0x1a0 src\initialize-hardware.o
 .debug_macro   0x0000b613      0x1ed src\initialize-hardware.o
 .debug_macro   0x0000b800       0x34 src\initialize-hardware.o
 .debug_macro   0x0000b834       0x43 src\initialize-hardware.o
 .debug_macro   0x0000b877       0x28 src\initialize-hardware.o
 .debug_macro   0x0000b89f      0x33d src\initialize-hardware.o
 .debug_macro   0x0000bbdc       0xd4 src\initialize-hardware.o
 .debug_macro   0x0000bcb0      0x313 src\initialize-hardware.o
 .debug_macro   0x0000bfc3      0x28d src\initialize-hardware.o
 .debug_macro   0x0000c250       0x7a src\initialize-hardware.o
 .debug_macro   0x0000c2ca       0x4c src\initialize-hardware.o
 .debug_macro   0x0000c316       0xd5 src\initialize-hardware.o
 .debug_macro   0x0000c3eb       0xd9 src\initialize-hardware.o
 .debug_macro   0x0000c4c4       0xb0 src\initialize-hardware.o
 .debug_macro   0x0000c574      0x199 src\initialize-hardware.o
 .debug_macro   0x0000c70d      0x22c src\initialize-hardware.o
 .debug_macro   0x0000c939       0x60 src\initialize-hardware.o
 .debug_macro   0x0000c999       0xa5 src\initialize-hardware.o
 .debug_macro   0x0000ca3e      0x1b5 src\initialize-hardware.o
 .debug_macro   0x0000cbf3      0x2b8 src\initialize-hardware.o
 .debug_macro   0x0000ceab       0x2a src\initialize-hardware.o
 .debug_macro   0x0000ced5       0x85 src\initialize-hardware.o
 .debug_macro   0x0000cf5a       0x4c src\initialize-hardware.o
 .debug_macro   0x0000cfa6      0x112 src\initialize-hardware.o
 .debug_macro   0x0000d0b8      0x2e2 src\initialize-hardware.o
 .debug_macro   0x0000d39a      0x2ca src\initialize-hardware.o
 .debug_macro   0x0000d664       0xdd src\initialize-hardware.o
 .debug_macro   0x0000d741      0x2b8 src\initialize-hardware.o
 .debug_macro   0x0000d9f9      0x124 src\initialize-hardware.o
 .debug_macro   0x0000db1d      0x35a src\initialize-hardware.o
 .debug_macro   0x0000de77      0x305 src\initialize-hardware.o
 .debug_macro   0x0000e17c      0x8ae src\initialize-hardware.o
 .debug_macro   0x0000ea2a       0x28 src\initialize-hardware.o
 .debug_macro   0x0000ea52      0x3d0 src\initialize-hardware.o
 .debug_macro   0x0000ee22      0x589 src\initialize-hardware.o
 .debug_macro   0x0000f3ab       0x3e src\initialize-hardware.o
 .debug_macro   0x0000f3e9      0x279 src\initialize-hardware.o
 .debug_macro   0x0000f662       0x2a src\initialize-hardware.o
 .debug_macro   0x0000f68c       0x8d src\initialize-hardware.o
 .debug_macro   0x0000f719      0x114 src\initialize-hardware.o
 .debug_macro   0x0000f82d       0x22 src\initialize-hardware.o
 .debug_macro   0x0000f84f       0x5e src\initialize-hardware.o
 .debug_macro   0x0000f8ad       0x18 src\initialize-hardware.o
 .debug_macro   0x0000f8c5       0x94 src\initialize-hardware.o
 .debug_macro   0x0000f959       0x35 src\initialize-hardware.o
 .debug_macro   0x0000f98e       0x34 src\initialize-hardware.o
 .debug_macro   0x0000f9c2       0x10 src\initialize-hardware.o
 .debug_macro   0x0000f9d2       0x57 src\initialize-hardware.o
 .debug_macro   0x0000fa29       0x35 src\initialize-hardware.o
 .debug_macro   0x0000fa5e      0x341 src\initialize-hardware.o
 .debug_macro   0x0000fd9f       0x10 src\initialize-hardware.o
 .debug_macro   0x0000fdaf       0x16 src\initialize-hardware.o
 .debug_macro   0x0000fdc5       0x43 src\initialize-hardware.o
 .debug_macro   0x0000fe08       0x34 src\initialize-hardware.o
 .debug_macro   0x0000fe3c       0x6a src\initialize-hardware.o
 .debug_macro   0x0000fea6       0x1c src\initialize-hardware.o
 .debug_macro   0x0000fec2       0x52 src\initialize-hardware.o
 .debug_macro   0x0000ff14       0x22 src\initialize-hardware.o
 .debug_macro   0x0000ff36       0x10 src\initialize-hardware.o
 .debug_macro   0x0000ff46       0x52 src\initialize-hardware.o
 .debug_macro   0x0000ff98       0xd5 src\initialize-hardware.o
 .debug_macro   0x0001006d       0x1c src\initialize-hardware.o
 .debug_macro   0x00010089       0x3d src\initialize-hardware.o
 .debug_macro   0x000100c6      0x51a src\initialize-hardware.o
 .debug_macro   0x000105e0      0x292 src\main.o
 .debug_macro   0x00010872      0x286 src\stm32f0xx_hal_msp.o
 .debug_macro   0x00010af8      0x2a9 src\timer.o
 .debug_macro   0x00010da1       0x10 src\timer.o
 .debug_macro   0x00010db1      0x286 system\src\cmsis\system_stm32f0xx.o
 .debug_macro   0x00011037       0x34 system\src\cmsis\vectors_stm32f051x8.o
 .debug_macro   0x0001106b      0x444 system\src\cortexm\exception-handlers.o
 .debug_macro   0x000114af       0x22 system\src\cortexm\exception-handlers.o
 .debug_macro   0x000114d1       0x10 system\src\cortexm\exception-handlers.o
 .debug_macro   0x000114e1       0x58 system\src\cortexm\exception-handlers.o
 .debug_macro   0x00011539      0x182 system\src\cortexm\exception-handlers.o
 .debug_macro   0x000116bb       0x10 system\src\cortexm\exception-handlers.o
 .debug_macro   0x000116cb      0x290 system\src\cortexm\initialize-hardware.o
 .debug_macro   0x0001195b      0x3e6 system\src\diag\trace-impl.o
 .debug_macro   0x00011d41      0x1f5 system\src\diag\trace.o
 .debug_macro   0x00011f36       0x16 system\src\diag\trace.o
 .debug_macro   0x00011f4c       0x97 system\src\diag\trace.o
 .debug_macro   0x00011fe3       0xfd system\src\diag\trace.o
 .debug_macro   0x000120e0       0x10 system\src\diag\trace.o
 .debug_macro   0x000120f0       0x16 system\src\diag\trace.o
 .debug_macro   0x00012106      0x16f system\src\diag\trace.o
 .debug_macro   0x00012275       0x4c system\src\diag\trace.o
 .debug_macro   0x000122c1       0x16 system\src\diag\trace.o
 .debug_macro   0x000122d7       0x16 system\src\diag\trace.o
 .debug_macro   0x000122ed      0x1ae system\src\newlib\exit.o
 .debug_macro   0x0001249b      0x163 system\src\newlib\sbrk.o
 .debug_macro   0x000125fe       0x10 system\src\newlib\sbrk.o
 .debug_macro   0x0001260e      0x23b system\src\newlib\sbrk.o
 .debug_macro   0x00012849      0x15f system\src\newlib\startup.o
 .debug_macro   0x000129a8      0x220 system\src\newlib\syscalls.o
 .debug_macro   0x00012bc8       0x1c system\src\newlib\syscalls.o
 .debug_macro   0x00012be4       0x10 system\src\newlib\syscalls.o
 .debug_macro   0x00012bf4       0x10 system\src\newlib\syscalls.o
 .debug_macro   0x00012c04       0x10 system\src\newlib\syscalls.o
 .debug_macro   0x00012c14       0x35 system\src\newlib\syscalls.o
 .debug_macro   0x00012c49      0x12c system\src\newlib\syscalls.o
 .debug_macro   0x00012d75       0xce system\src\newlib\syscalls.o
 .debug_macro   0x00012e43       0x7c system\src\newlib\syscalls.o
 .debug_macro   0x00012ebf       0x17 system\src\newlib\syscalls.o
 .debug_macro   0x00012ed6      0x118 system\src\newlib\syscalls.o
 .debug_macro   0x00012fee      0x189 system\src\newlib\syscalls.o
 .debug_macro   0x00013177       0x16 system\src\newlib\syscalls.o
 .debug_macro   0x0001318d      0x2aa system\src\stm32f0-hal\stm32f0xx_hal.o
 .debug_macro   0x00013437      0x286 system\src\stm32f0-hal\stm32f0xx_hal_cortex.o
 .debug_macro   0x000136bd      0x298 system\src\stm32f0-hal\stm32f0xx_hal_rcc.o
